==============================
 System Report - 2025-09-08 10:27:28 IST
==============================

OS & Kernel:
Linux Shiva 6.6.87.2-microsoft-standard-WSL2 #1 SMP PREEMPT_DYNAMIC Thu Jun  5 18:30:46 UTC 2025 x86_64 x86_64 x86_64 GNU/Linux

Disk Usage:
Filesystem      Size  Used Avail Use% Mounted on
none            1.9G     0  1.9G   0% /usr/lib/modules/6.6.87.2-microsoft-standard-WSL2
none            1.9G  4.0K  1.9G   1% /mnt/wsl
drivers         238G  151G   88G  64% /usr/lib/wsl/drivers
/dev/sdd       1007G  1.3G  955G   1% /
none            1.9G   76K  1.9G   1% /mnt/wslg
none            1.9G     0  1.9G   0% /usr/lib/wsl/lib
rootfs          1.9G  2.7M  1.9G   1% /init
none            1.9G  500K  1.9G   1% /run
none            1.9G     0  1.9G   0% /run/lock
none            1.9G     0  1.9G   0% /run/shm
none            1.9G   76K  1.9G   1% /mnt/wslg/versions.txt
none            1.9G   76K  1.9G   1% /mnt/wslg/doc
C:\             238G  151G   88G  64% /mnt/c
tmpfs           1.9G  4.0K  1.9G   1% /run/user/1000

Memory Usage:
               total        used        free      shared  buff/cache   available
Mem:           3.7Gi       311Mi       3.0Gi       3.0Mi       394Mi       3.3Gi
Swap:          1.0Gi          0B       1.0Gi

CPU Load (1/5/15 min):
 10:27:28 up 7 min,  1 user,  load average: 0.00, 0.07, 0.06

Top 5 Processes by CPU (%):
    PID COMMAND         %CPU %MEM
      1 systemd          0.3  0.2
    301 Relay(302)       0.2  0.0
      2 init-systemd(Ub  0.0  0.0
      6 init             0.0  0.0
     63 systemd-journal  0.0  0.3
